\BOOKMARK [1][-]{cover.1}{\376\377\134\001\000\040\227\142}{}% 1
\BOOKMARK [1][-]{title.1}{\376\377\150\007\000\040\230\230}{}% 2
\BOOKMARK [1][-]{contents.1}{\376\377\166\356\000\040\137\125}{}% 3
\BOOKMARK [1][-]{section.1}{\376\377\0001\000\040\225\356\230\230\221\315\217\360}{}% 4
\BOOKMARK [2][-]{subsection.1.1}{\376\377\0001\000.\0001\000\040\225\356\230\230\200\314\146\157}{section.1}% 5
\BOOKMARK [2][-]{subsection.1.2}{\376\377\0001\000.\0002\000\040\225\356\230\230\166\204\143\320\121\372}{section.1}% 6
\BOOKMARK [1][-]{section.2}{\376\377\0002\000\040\225\356\230\230\122\006\147\220}{}% 7
\BOOKMARK [2][-]{subsection.2.1}{\376\377\0002\000.\0001\000\040\140\073\117\123\142\200\147\057\215\357\176\277}{section.2}% 8
\BOOKMARK [2][-]{subsection.2.2}{\376\377\0002\000.\0002\000\040\225\356\230\230\116\000\122\006\147\220}{section.2}% 9
\BOOKMARK [2][-]{subsection.2.3}{\376\377\0002\000.\0003\000\040\225\356\230\230\116\214\122\006\147\220}{section.2}% 10
\BOOKMARK [2][-]{subsection.2.4}{\376\377\0002\000.\0004\000\040\225\356\230\230\116\011\122\006\147\220}{section.2}% 11
\BOOKMARK [2][-]{subsection.2.5}{\376\377\0002\000.\0005\000\040\225\356\230\230\126\333\122\006\147\220}{section.2}% 12
\BOOKMARK [1][-]{section.3}{\376\377\0003\000\040\152\041\127\213\120\107\213\276\116\016\173\046\123\367\213\364\146\016}{}% 13
\BOOKMARK [2][-]{subsection.3.1}{\376\377\0003\000.\0001\000\040\152\041\127\213\120\107\213\276}{section.3}% 14
\BOOKMARK [2][-]{subsection.3.2}{\376\377\0003\000.\0002\000\040\173\046\123\367\213\364\146\016}{section.3}% 15
\BOOKMARK [1][-]{section.4}{\376\377\0004\000\040\145\160\143\156\143\317\217\360\116\016\230\204\131\004\164\006}{}% 16
\BOOKMARK [2][-]{subsection.4.1}{\376\377\0004\000.\0001\000\040\145\160\143\156\147\145\156\220\116\016\213\364\146\016}{section.4}% 17
\BOOKMARK [2][-]{subsection.4.2}{\376\377\0004\000.\0002\000\040\145\160\143\156\143\242\175\042\116\016\123\357\211\306\123\026}{section.4}% 18
\BOOKMARK [2][-]{subsection.4.3}{\376\377\0004\000.\0003\000\040\145\160\143\156\156\005\155\027\116\016\162\171\137\201\147\204\136\372}{section.4}% 19
\BOOKMARK [1][-]{section.5}{\376\377\0005\000\040\225\356\230\230\116\000\166\204\152\041\127\213\136\372\172\313\116\016\154\102\211\343}{}% 20
\BOOKMARK [2][-]{subsection.5.1}{\376\377\0005\000.\0001\000\040\225\356\230\230\116\000\122\006\147\220}{section.5}% 21
\BOOKMARK [2][-]{subsection.5.2}{\376\377\0005\000.\0002\000\040\152\041\127\213\136\372\172\313}{section.5}% 22
\BOOKMARK [3][-]{subsubsection.5.2.1}{\376\377\0005\000.\0002\000.\0001\000\040\121\154\121\161\230\204\131\004\164\006\116\016\143\007\150\007\145\271\124\021\176\337\116\000}{subsection.5.2}% 23
\BOOKMARK [3][-]{subsubsection.5.2.2}{\376\377\0005\000.\0002\000.\0002\000\040\215\050\221\317\213\304\122\006\152\041\127\213}{subsection.5.2}% 24
\BOOKMARK [3][-]{subsubsection.5.2.3}{\376\377\0005\000.\0002\000.\0003\000\040\121\262\172\201\136\246\133\232\116\111\116\016\155\210\211\343\211\304\122\031}{subsection.5.2}% 25
\BOOKMARK [3][-]{subsubsection.5.2.4}{\376\377\0005\000.\0002\000.\0004\000\040\230\206\127\337\221\115\153\324\116\016\143\137\131\061\166\204\133\232\221\317\121\163\174\373\152\041\127\213}{subsection.5.2}% 26
\BOOKMARK [2][-]{subsection.5.3}{\376\377\0005\000.\0003\000\040\152\041\127\213\154\102\211\343}{section.5}% 27
\BOOKMARK [2][-]{subsection.5.4}{\376\377\0005\000.\0004\000\040\176\323\147\234\122\006\147\220}{section.5}% 28
\BOOKMARK [3][-]{subsubsection.5.4.1}{\376\377\0005\000.\0004\000.\0001\000\040\215\050\221\317\213\304\122\006\176\323\147\234}{subsection.5.4}% 29
\BOOKMARK [3][-]{subsubsection.5.4.2}{\376\377\0005\000.\0004\000.\0002\000\040\121\262\172\201\122\006\147\220\116\016\155\210\211\343\176\323\147\234}{subsection.5.4}% 30
\BOOKMARK [3][-]{subsubsection.5.4.3}{\376\377\0005\000.\0004\000.\0003\000\040\221\115\153\324\040\024\143\137\131\061\152\041\127\213\176\323\147\234}{subsection.5.4}% 31
\BOOKMARK [2][-]{subsection.5.5}{\376\377\0005\000.\0005\000\040\152\041\127\213\232\214\213\301\116\016\160\165\145\117\136\246\122\006\147\220}{section.5}% 32
\BOOKMARK [2][-]{subsection.5.6}{\376\377\0005\000.\0006\000\040\147\054\172\340\134\017\176\323}{section.5}% 33
\BOOKMARK [1][-]{section.6}{\376\377\0006\000\040\225\356\230\230\116\214\166\204\152\041\127\213\136\372\172\313\116\016\154\102\211\343}{}% 34
\BOOKMARK [2][-]{subsection.6.1}{\376\377\0006\000.\0001\000\040\225\356\230\230\116\214\122\006\147\220}{section.6}% 35
\BOOKMARK [2][-]{subsection.6.2}{\376\377\0006\000.\0002\000\040\152\041\127\213\136\372\172\313}{section.6}% 36
\BOOKMARK [3][-]{subsubsection.6.2.1}{\376\377\0006\000.\0002\000.\0001\000\040\136\177\116\111\150\007\136\246\137\213\166\204\135\114\131\127\137\142\137\017}{subsection.6.2}% 37
\BOOKMARK [3][-]{subsubsection.6.2.2}{\376\377\0006\000.\0002\000.\0002\000\040\217\271\226\105\145\110\136\224\116\016\137\071\140\047\166\204\133\232\116\111}{subsection.6.2}% 38
\BOOKMARK [2][-]{subsection.6.3}{\376\377\0006\000.\0003\000\040\152\041\127\213\154\102\211\343}{section.6}% 39
\BOOKMARK [2][-]{subsection.6.4}{\376\377\0006\000.\0004\000\040\176\323\147\234\122\006\147\220}{section.6}% 40
\BOOKMARK [3][-]{subsubsection.6.4.1}{\376\377\0006\000.\0004\000.\0001\000\040\176\317\121\170\122\006\145\057\166\204\123\302\145\160\116\016\142\337\124\010\117\030\136\246}{subsection.6.4}% 41
\BOOKMARK [3][-]{subsubsection.6.4.2}{\376\377\0006\000.\0004\000.\0002\000\040\217\271\226\105\145\110\136\224\116\016\137\071\140\047}{subsection.6.4}% 42
\BOOKMARK [3][-]{subsubsection.6.4.3}{\376\377\0006\000.\0004\000.\0003\000\040\215\050\221\317\116\016\211\304\152\041\166\204\173\111\143\137\131\061\121\121\143\142\147\141\116\366}{subsection.6.4}% 43
\BOOKMARK [3][-]{subsubsection.6.4.4}{\376\377\0006\000.\0004\000.\0004\000\040\131\047\134\072\136\246\131\026\143\250\140\305\146\157}{subsection.6.4}% 44
\BOOKMARK [2][-]{subsection.6.5}{\376\377\0006\000.\0005\000\040\152\041\127\213\232\214\213\301\116\016\160\165\145\117\136\246\122\006\147\220}{section.6}% 45
\BOOKMARK [3][-]{subsubsection.6.5.1}{\376\377\0006\000.\0005\000.\0001\000\040\122\006\147\145\156\220\232\214\213\301}{subsection.6.5}% 46
\BOOKMARK [3][-]{subsubsection.6.5.2}{\376\377\0006\000.\0005\000.\0002\000\040\143\137\131\061\221\317\134\072\166\204\123\357\153\324\140\047\133\241\213\241}{subsection.6.5}% 47
\BOOKMARK [3][-]{subsubsection.6.5.3}{\376\377\0006\000.\0005\000.\0003\000\040\221\115\153\324\116\016\215\050\221\317\166\204\123\357\213\306\122\053\140\047}{subsection.6.5}% 48
\BOOKMARK [3][-]{subsubsection.6.5.4}{\376\377\0006\000.\0005\000.\0004\000\040\172\063\120\145\140\047\134\017\176\323}{subsection.6.5}% 49
\BOOKMARK [2][-]{subsection.6.6}{\376\377\0006\000.\0006\000\040\147\054\172\340\134\017\176\323}{section.6}% 50
\BOOKMARK [1][-]{section.7}{\376\377\0007\000\040\225\356\230\230\116\011\166\204\152\041\127\213\136\372\172\313\116\016\154\102\211\343}{}% 51
\BOOKMARK [2][-]{subsection.7.1}{\376\377\0007\000.\0001\000\040\225\356\230\230\116\011\122\006\147\220}{section.7}% 52
\BOOKMARK [2][-]{subsection.7.2}{\376\377\0007\000.\0002\000\040\152\041\127\213\136\372\172\313}{section.7}% 53
\BOOKMARK [3][-]{subsubsection.7.2.1}{\376\377\0007\000.\0002\000.\0001\000\040\117\030\123\026\152\041\127\213\116\016\123\330\221\317\127\337}{subsection.7.2}% 54
\BOOKMARK [3][-]{subsubsection.7.2.2}{\376\377\0007\000.\0002\000.\0002\000\040\215\050\221\317\142\020\147\054\121\375\145\160\116\016\116\064\165\114\116\012\116\013\145\207\225\177\136\246}{subsection.7.2}% 55
\BOOKMARK [3][-]{subsubsection.7.2.3}{\376\377\0007\000.\0002\000.\0003\000\040\176\323\147\204\140\047\217\154\171\373\166\204\133\232\116\111\116\016\213\306\122\053\145\271\154\325}{subsection.7.2}% 56
\BOOKMARK [2][-]{subsection.7.3}{\376\377\0007\000.\0003\000\040\152\041\127\213\154\102\211\343}{section.7}% 57
\BOOKMARK [2][-]{subsection.7.4}{\376\377\0007\000.\0004\000\040\176\323\147\234\122\006\147\220}{section.7}% 58
\BOOKMARK [3][-]{subsubsection.7.4.1}{\376\377\0007\000.\0004\000.\0001\000\040\116\012\116\013\145\207\225\177\136\246\166\204\123\357\210\114\123\326\120\074}{subsection.7.4}% 59
\BOOKMARK [3][-]{subsubsection.7.4.2}{\376\377\0007\000.\0004\000.\0002\000\040\230\204\173\227\116\016\116\012\116\013\145\207\116\244\123\311\116\013\166\204\123\302\200\003\221\115\177\156}{subsection.7.4}% 60
\BOOKMARK [3][-]{subsubsection.7.4.3}{\376\377\0007\000.\0004\000.\0003\000\040\142\020\147\054\176\323\147\204\123\352\165\061\116\012\116\013\145\207\225\177\136\246\121\263\133\232}{subsection.7.4}% 61
\BOOKMARK [3][-]{subsubsection.7.4.4}{\376\377\0007\000.\0004\000.\0004\000\040\142\020\147\054\121\375\145\160\220\011\142\351\166\204\137\161\124\315}{subsection.7.4}% 62
\BOOKMARK [3][-]{subsubsection.7.4.5}{\376\377\0007\000.\0004\000.\0005\000\040\166\370\220\273\140\305\146\157\166\204\153\324\217\203\116\016\147\141\116\366\140\047\221\315\122\006\221\115}{subsection.7.4}% 63
\BOOKMARK [2][-]{subsection.7.5}{\376\377\0007\000.\0005\000\040\152\041\127\213\232\214\213\301\116\016\160\165\145\117\136\246\122\006\147\220}{section.7}% 64
\BOOKMARK [2][-]{subsection.7.6}{\376\377\0007\000.\0006\000\040\147\054\172\340\134\017\176\323}{section.7}% 65
\BOOKMARK [1][-]{section.8}{\376\377\0008\000\040\225\356\230\230\126\333\166\204\152\041\127\213\136\372\172\313\116\016\154\102\211\343}{}% 66
\BOOKMARK [2][-]{subsection.8.1}{\376\377\0008\000.\0001\000\040\225\356\230\230\126\333\122\006\147\220}{section.8}% 67
\BOOKMARK [2][-]{subsection.8.2}{\376\377\0008\000.\0002\000\040\152\041\127\213\136\372\172\313}{section.8}% 68
\BOOKMARK [2][-]{subsection.8.3}{\376\377\0008\000.\0003\000\040\152\041\127\213\154\102\211\343}{section.8}% 69
\BOOKMARK [2][-]{subsection.8.4}{\376\377\0008\000.\0004\000\040\176\323\147\234\122\006\147\220}{section.8}% 70
\BOOKMARK [2][-]{subsection.8.5}{\376\377\0008\000.\0005\000\040\152\041\127\213\232\214\213\301\116\016\160\165\145\117\136\246\122\006\147\220}{section.8}% 71
\BOOKMARK [2][-]{subsection.8.6}{\376\377\0008\000.\0006\000\040\147\054\172\340\134\017\176\323}{section.8}% 72
\BOOKMARK [1][-]{section.9}{\376\377\0009\000\040\152\041\127\213\172\063\120\145\140\047\116\016\176\374\124\010\150\300\232\214}{}% 73
\BOOKMARK [2][-]{subsection.9.1}{\376\377\0009\000.\0001\000\040\123\302\145\160\160\165\145\117\136\246\116\016\226\217\147\072\140\047}{section.9}% 74
\BOOKMARK [2][-]{subsection.9.2}{\376\377\0009\000.\0002\000\040\155\210\207\215\133\236\232\214}{section.9}% 75
\BOOKMARK [2][-]{subsection.9.3}{\376\377\0009\000.\0003\000\040\213\357\135\356\122\006\211\343\116\016\131\061\145\110\150\110\117\213}{section.9}% 76
\BOOKMARK [2][-]{subsection.9.4}{\376\377\0009\000.\0004\000\040\131\026\143\250\116\016\122\006\136\003\120\117\171\373}{section.9}% 77
\BOOKMARK [1][-]{section.10}{\376\377\0001\0000\000\040\152\041\127\213\166\204\213\304\116\367\060\001\145\071\217\333\116\016\143\250\136\177}{}% 78
\BOOKMARK [2][-]{subsection.10.1}{\376\377\0001\0000\000.\0001\000\040\152\041\127\213\166\204\117\030\160\271}{section.10}% 79
\BOOKMARK [2][-]{subsection.10.2}{\376\377\0001\0000\000.\0002\000\040\152\041\127\213\166\204\177\072\160\271}{section.10}% 80
\BOOKMARK [2][-]{subsection.10.3}{\376\377\0001\0000\000.\0003\000\040\152\041\127\213\166\204\145\071\217\333\145\271\124\021}{section.10}% 81
\BOOKMARK [2][-]{subsection.10.4}{\376\377\0001\0000\000.\0004\000\040\152\041\127\213\166\204\143\250\136\177}{section.10}% 82
\BOOKMARK [1][-]{appendix.1.A}{\376\377\226\104\137\125\000\040\000A\000\040\225\356\230\230\116\000\116\073\211\201\172\013\136\217}{}% 83
\BOOKMARK [1][-]{appendix.1.B}{\376\377\226\104\137\125\000\040\000B\000\040\225\356\230\230\116\214\116\073\211\201\172\013\136\217}{}% 84
\BOOKMARK [1][-]{appendix.1.C}{\376\377\226\104\137\125\000\040\000C\000\040\225\356\230\230\116\011\116\073\211\201\172\013\136\217}{}% 85
\BOOKMARK [1][-]{appendix.1.D}{\376\377\226\104\137\125\000\040\000D\000\040\225\356\230\230\126\333\116\073\211\201\172\013\136\217}{}% 86
\BOOKMARK [1][-]{appendix.1.E}{\376\377\226\104\137\125\000\040\000E\000\040\116\272\135\345\146\172\200\375\117\177\165\050\142\253\227\062}{}% 87
\BOOKMARK [2][-]{subsection.1.E.1}{\376\377\000E\000.\0001\000\040\117\177\165\050\166\204\000A\000I\135\345\121\167}{appendix.1.E}% 88
\BOOKMARK [2][-]{subsection.1.E.2}{\376\377\000E\000.\0002\000\040\117\177\165\050\163\257\202\202\116\016\215\041\163\056\203\003\126\364}{appendix.1.E}% 89
\BOOKMARK [2][-]{subsection.1.E.3}{\376\377\000E\000.\0003\000\040\133\371\000A\000I\217\223\121\372\166\204\150\070\232\214\116\016\131\004\164\006}{appendix.1.E}% 90
\BOOKMARK [2][-]{subsection.1.E.4}{\376\377\000E\000.\0004\000\040\165\061\123\302\215\133\226\037\162\354\172\313\133\214\142\020\166\204\135\345\117\134}{appendix.1.E}% 91
